Job ID: 3509522
Node: saxa.inf.ed.ac.uk
Backbone: swinunetr
Checkpoint: pretrained_weights/supervised_suprem_swinunetr_2100.pth
CUDA_VISIBLE_DEVICES: MIG-ea9d23a9-0c46-589e-9ba2-49a3cc7135d4
Fri Jun 19 04:52:56 2026       
+-----------------------------------------------------------------------------------------+
| NVIDIA-SMI 595.71.05              Driver Version: 595.71.05      CUDA Version: 13.2     |
+-----------------------------------------+------------------------+----------------------+
| GPU  Name                 Persistence-M | Bus-Id          Disp.A | Volatile Uncorr. ECC |
| Fan  Temp   Perf          Pwr:Usage/Cap |           Memory-Usage | GPU-Util  Compute M. |
|                                         |                        |               MIG M. |
|=========================================+========================+======================|
|   0  NVIDIA H200                    On  |   00000000:9B:00.0 Off |                   On |
| N/A   38C    P0             79W /  700W |     102MiB / 143771MiB |     N/A      Default |
|                                         |                        |              Enabled |
+-----------------------------------------+------------------------+----------------------+

+-----------------------------------------------------------------------------------------+
| MIG devices:                                                                            |
+------------------+----------------------------------+-----------+-----------------------+
| GPU  GI  CI  MIG |              Shared Memory-Usage |        Vol|        Shared         |
|      ID  ID  Dev |                Shared BAR1-Usage | SM     Unc| CE ENC  DEC  OFA  JPG |
|                  |                                  |        ECC|                       |
|==================+==================================+===========+=======================|
|  0   10   0   0  |              15MiB / 16384MiB    | 16      0 |  1   0    1    0    1 |
|                  |               0MiB / 14809MiB    |           |                       |
+------------------+----------------------------------+-----------+-----------------------+

+-----------------------------------------------------------------------------------------+
| Processes:                                                                              |
|  GPU   GI   CI              PID   Type   Process name                        GPU Memory |
|        ID   ID                                                               Usage      |
|=========================================================================================|
|  No running processes found                                                             |
+-----------------------------------------------------------------------------------------+
Staging checkpoint to node-local storage: /tmp/s2347484/slurm-3509522/supervised_suprem_swinunetr_2100.pth
Checkpoint staged in 24 seconds
Starting evaluation: python -u evaluate_word.py --device cuda --backbone swinunetr --checkpoint /tmp/s2347484/slurm-3509522/supervised_suprem_swinunetr_2100.pth --output-dir results/word_swinunetr --num-workers 4 --sw-batch-size 1
Loading checkpoint: /tmp/s2347484/slurm-3509522/supervised_suprem_swinunetr_2100.pth
Model loaded in 1.0 seconds
word_0002.nii.gz: preprocessed shape=(1, 1, 287, 227, 401)
