<frozen importlib._bootstrap_external>:1184: FutureWarning: The cuda.cudart module is deprecated and will be removed in a future release, please switch to use the cuda.bindings.runtime module instead.
/home/s2347484/.conda/envs/suprem-h200/lib/python3.10/site-packages/monai/utils/deprecate_utils.py:321: FutureWarning: monai.transforms.spatial.dictionary Orientationd.__init__:labels: Current default value of argument `labels=(('L', 'R'), ('P', 'A'), ('I', 'S'))` was changed in version None from `labels=(('L', 'R'), ('P', 'A'), ('I', 'S'))` to `labels=None`. Default value changed to None meaning that the transform now uses the 'space' of a meta-tensor, if applicable, to determine appropriate axis labels.
  warn_deprecated(argname, msg, warning_category)
WORD / swinunetr:   0%|          | 0/100 [00:00<?, ?it/s]/home/s2347484/.conda/envs/suprem-h200/lib/python3.10/site-packages/monai/inferers/utils.py:231: UserWarning: Using a non-tuple sequence for multidimensional indexing is deprecated and will be changed in pytorch 2.9; use x[tuple(seq)] instead of x[seq]. In pytorch 2.9 this will be interpreted as tensor index, x[torch.tensor(seq)], which will result either in an error or a different result (Triggered internally at /pytorch/torch/csrc/autograd/python_variable_indexing.cpp:347.)
  win_data = inputs[unravel_slice[0]].to(sw_device)
WORD / swinunetr:   0%|          | 0/100 [00:15<?, ?it/s]
Traceback (most recent call last):
  File "/home/s2347484/Seg/SuPreM/evaluate_word.py", line 467, in <module>
    evaluate(parse_args())
  File "/home/s2347484/Seg/SuPreM/evaluate_word.py", line 322, in evaluate
    logits = sliding_window_inference(
  File "/home/s2347484/.conda/envs/suprem-h200/lib/python3.10/site-packages/monai/inferers/utils.py", line 239, in sliding_window_inference
    seg_prob_out = predictor(win_data, *args, **kwargs)
  File "/home/s2347484/.conda/envs/suprem-h200/lib/python3.10/site-packages/torch/nn/modules/module.py", line 1779, in _wrapped_call_impl
    return self._call_impl(*args, **kwargs)
  File "/home/s2347484/.conda/envs/suprem-h200/lib/python3.10/site-packages/torch/nn/modules/module.py", line 1790, in _call_impl
    return forward_call(*args, **kwargs)
  File "/home/s2347484/Seg/SuPreM/direct_inference/model/Universal_model.py", line 177, in forward
    dec4, out = self.backbone(x_in)
  File "/home/s2347484/.conda/envs/suprem-h200/lib/python3.10/site-packages/torch/nn/modules/module.py", line 1779, in _wrapped_call_impl
    return self._call_impl(*args, **kwargs)
  File "/home/s2347484/.conda/envs/suprem-h200/lib/python3.10/site-packages/torch/nn/modules/module.py", line 1790, in _call_impl
    return forward_call(*args, **kwargs)
  File "/home/s2347484/Seg/SuPreM/direct_inference/model/SwinUNETR.py", line 264, in forward
    hidden_states_out = self.swinViT(x_in, self.normalize)
  File "/home/s2347484/.conda/envs/suprem-h200/lib/python3.10/site-packages/torch/nn/modules/module.py", line 1779, in _wrapped_call_impl
    return self._call_impl(*args, **kwargs)
  File "/home/s2347484/.conda/envs/suprem-h200/lib/python3.10/site-packages/torch/nn/modules/module.py", line 1790, in _call_impl
    return forward_call(*args, **kwargs)
  File "/home/s2347484/Seg/SuPreM/direct_inference/model/SwinUNETR.py", line 956, in forward
    x0_out = self.proj_out(x0, normalize)
  File "/home/s2347484/Seg/SuPreM/direct_inference/model/SwinUNETR.py", line 943, in proj_out
    x = rearrange(x, "n c d h w -> n d h w c")
  File "/home/s2347484/.conda/envs/suprem-h200/lib/python3.10/site-packages/monai/utils/module.py", line 427, in __call__
    raise self._exception
  File "/home/s2347484/.conda/envs/suprem-h200/lib/python3.10/site-packages/monai/utils/module.py", line 378, in optional_import
    pkg = __import__(module)  # top level module
monai.utils.module.OptionalImportError: from einops import rearrange (No module named 'einops').

For details about installing the optional dependencies, please visit:
    https://docs.monai.io/en/latest/installation.html#installing-the-recommended-dependencies
