Job ID: 3509919
Node: saxa.inf.ed.ac.uk
Backbone: segresnet
Checkpoint: pretrained_weights/supervised_suprem_segresnet_2100.pth
CUDA_VISIBLE_DEVICES: MIG-4239831d-e20c-5640-a139-a724c8ed0176
Fri Jun 19 20:26:59 2026       
+-----------------------------------------------------------------------------------------+
| NVIDIA-SMI 595.71.05              Driver Version: 595.71.05      CUDA Version: 13.2     |
+-----------------------------------------+------------------------+----------------------+
| GPU  Name                 Persistence-M | Bus-Id          Disp.A | Volatile Uncorr. ECC |
| Fan  Temp   Perf          Pwr:Usage/Cap |           Memory-Usage | GPU-Util  Compute M. |
|                                         |                        |               MIG M. |
|=========================================+========================+======================|
|   0  NVIDIA H200                    On  |   00000000:9B:00.0 Off |                   On |
| N/A   52C    P0            323W /  700W |   30744MiB / 143771MiB |     N/A      Default |
|                                         |                        |              Enabled |
+-----------------------------------------+------------------------+----------------------+

+-----------------------------------------------------------------------------------------+
| MIG devices:                                                                            |
+------------------+----------------------------------+-----------+-----------------------+
| GPU  GI  CI  MIG |              Shared Memory-Usage |        Vol|        Shared         |
|      ID  ID  Dev |                Shared BAR1-Usage | SM     Unc| CE ENC  DEC  OFA  JPG |
|                  |                                  |        ECC|                       |
|==================+==================================+===========+=======================|
|  0   13   0   0  |              15MiB / 16384MiB    | 16      0 |  1   0    1    0    1 |
|                  |               0MiB / 14809MiB    |           |                       |
+------------------+----------------------------------+-----------+-----------------------+

+-----------------------------------------------------------------------------------------+
| Processes:                                                                              |
|  GPU   GI   CI              PID   Type   Process name                        GPU Memory |
|        ID   ID                                                               Usage      |
|=========================================================================================|
|  No running processes found                                                             |
+-----------------------------------------------------------------------------------------+
Staging checkpoint to node-local storage: /tmp/s2347484/slurm-3509919/supervised_suprem_segresnet_2100.pth
Checkpoint staged in 0 seconds
Starting evaluation: python -u evaluate_word.py --device cuda --backbone segresnet --checkpoint /tmp/s2347484/slurm-3509919/supervised_suprem_segresnet_2100.pth --output-dir results/word_segresnet --num-workers 4 --sw-batch-size 1
Loading checkpoint: /tmp/s2347484/slurm-3509919/supervised_suprem_segresnet_2100.pth
Model loaded in 0.6 seconds
word_0002.nii.gz: preprocessed shape=(1, 1, 287, 227, 401)
word_0002.nii.gz: inference completed in 36.5 seconds
word_0002.nii.gz: inference and metrics completed in 101.1 seconds
word_0003.nii.gz: preprocessed shape=(1, 1, 316, 215, 355)
word_0003.nii.gz: inference completed in 26.5 seconds
word_0003.nii.gz: inference and metrics completed in 63.1 seconds
word_0004.nii.gz: preprocessed shape=(1, 1, 286, 215, 393)
word_0004.nii.gz: inference completed in 25.3 seconds
word_0004.nii.gz: inference and metrics completed in 70.8 seconds
word_0005.nii.gz: preprocessed shape=(1, 1, 317, 230, 379)
word_0005.nii.gz: inference completed in 33.4 seconds
word_0005.nii.gz: inference and metrics completed in 77.3 seconds
word_0006.nii.gz: preprocessed shape=(1, 1, 314, 262, 391)
word_0006.nii.gz: inference completed in 41.1 seconds
word_0006.nii.gz: inference and metrics completed in 90.2 seconds
word_0008.nii.gz: preprocessed shape=(1, 1, 311, 236, 433)
word_0008.nii.gz: inference completed in 37.5 seconds
word_0008.nii.gz: inference and metrics completed in 95.1 seconds
word_0009.nii.gz: preprocessed shape=(1, 1, 306, 243, 364)
word_0009.nii.gz: inference completed in 34.7 seconds
word_0009.nii.gz: inference and metrics completed in 88.6 seconds
word_0010.nii.gz: preprocessed shape=(1, 1, 317, 225, 345)
word_0010.nii.gz: inference completed in 31.5 seconds
word_0010.nii.gz: inference and metrics completed in 70.9 seconds
word_0011.nii.gz: preprocessed shape=(1, 1, 306, 243, 363)
word_0011.nii.gz: inference completed in 34.9 seconds
word_0011.nii.gz: inference and metrics completed in 75.2 seconds
word_0012.nii.gz: preprocessed shape=(1, 1, 317, 257, 341)
word_0012.nii.gz: inference completed in 35.3 seconds
word_0012.nii.gz: inference and metrics completed in 76.0 seconds
word_0013.nii.gz: preprocessed shape=(1, 1, 307, 236, 405)
word_0013.nii.gz: inference completed in 32.8 seconds
word_0013.nii.gz: inference and metrics completed in 85.8 seconds
word_0018.nii.gz: preprocessed shape=(1, 1, 319, 227, 334)
word_0018.nii.gz: inference completed in 28.3 seconds
word_0018.nii.gz: inference and metrics completed in 68.8 seconds
word_0020.nii.gz: preprocessed shape=(1, 1, 315, 226, 359)
word_0020.nii.gz: inference completed in 30.9 seconds
word_0020.nii.gz: inference and metrics completed in 71.3 seconds
word_0022.nii.gz: preprocessed shape=(1, 1, 321, 255, 427)
word_0022.nii.gz: inference completed in 44.1 seconds
word_0022.nii.gz: inference and metrics completed in 98.2 seconds
word_0026.nii.gz: preprocessed shape=(1, 1, 317, 239, 445)
word_0026.nii.gz: inference completed in 42.1 seconds
word_0026.nii.gz: inference and metrics completed in 102.9 seconds
word_0027.nii.gz: preprocessed shape=(1, 1, 311, 238, 323)
word_0027.nii.gz: inference completed in 25.8 seconds
word_0027.nii.gz: inference and metrics completed in 61.9 seconds
word_0028.nii.gz: preprocessed shape=(1, 1, 317, 236, 377)
word_0028.nii.gz: inference completed in 34.3 seconds
word_0028.nii.gz: inference and metrics completed in 77.1 seconds
word_0029.nii.gz: preprocessed shape=(1, 1, 310, 233, 395)
word_0029.nii.gz: inference completed in 32.8 seconds
word_0029.nii.gz: inference and metrics completed in 78.9 seconds
word_0030.nii.gz: preprocessed shape=(1, 1, 313, 263, 389)
word_0030.nii.gz: inference completed in 41.2 seconds
word_0030.nii.gz: inference and metrics completed in 92.1 seconds
word_0032.nii.gz: preprocessed shape=(1, 1, 305, 213, 357)
word_0032.nii.gz: inference completed in 24.3 seconds
word_0032.nii.gz: inference and metrics completed in 66.4 seconds
word_0036.nii.gz: preprocessed shape=(1, 1, 317, 224, 371)
word_0036.nii.gz: inference completed in 33.4 seconds
word_0036.nii.gz: inference and metrics completed in 79.6 seconds
word_0038.nii.gz: preprocessed shape=(1, 1, 309, 275, 399)
word_0038.nii.gz: inference completed in 42.1 seconds
word_0038.nii.gz: inference and metrics completed in 99.3 seconds
word_0040.nii.gz: preprocessed shape=(1, 1, 313, 260, 321)
word_0040.nii.gz: inference completed in 33.4 seconds
word_0040.nii.gz: inference and metrics completed in 68.8 seconds
word_0041.nii.gz: preprocessed shape=(1, 1, 313, 220, 353)
word_0041.nii.gz: inference completed in 30.9 seconds
word_0041.nii.gz: inference and metrics completed in 68.6 seconds
word_0042.nii.gz: preprocessed shape=(1, 1, 298, 220, 317)
word_0042.nii.gz: inference completed in 25.8 seconds
word_0042.nii.gz: inference and metrics completed in 64.1 seconds
word_0044.nii.gz: preprocessed shape=(1, 1, 323, 234, 399)
word_0044.nii.gz: inference completed in 36.0 seconds
word_0044.nii.gz: inference and metrics completed in 82.1 seconds
word_0046.nii.gz: preprocessed shape=(1, 1, 306, 215, 363)
word_0046.nii.gz: inference completed in 26.2 seconds
word_0046.nii.gz: inference and metrics completed in 66.7 seconds
word_0047.nii.gz: preprocessed shape=(1, 1, 313, 269, 399)
word_0047.nii.gz: inference completed in 46.2 seconds
word_0047.nii.gz: inference and metrics completed in 96.3 seconds
word_0049.nii.gz: preprocessed shape=(1, 1, 307, 252, 381)
word_0049.nii.gz: inference completed in 34.8 seconds
word_0049.nii.gz: inference and metrics completed in 81.1 seconds
word_0051.nii.gz: preprocessed shape=(1, 1, 319, 224, 323)
word_0051.nii.gz: inference completed in 28.3 seconds
word_0051.nii.gz: inference and metrics completed in 63.6 seconds
word_0053.nii.gz: preprocessed shape=(1, 1, 299, 243, 659)
word_0053.nii.gz: inference completed in 67.0 seconds
word_0053.nii.gz: inference and metrics completed in 236.8 seconds
word_0055.nii.gz: preprocessed shape=(1, 1, 322, 227, 399)
word_0055.nii.gz: inference completed in 36.2 seconds
word_0055.nii.gz: inference and metrics completed in 81.3 seconds
word_0056.nii.gz: preprocessed shape=(1, 1, 316, 213, 441)
word_0056.nii.gz: inference completed in 35.7 seconds
word_0056.nii.gz: inference and metrics completed in 92.5 seconds
word_0058.nii.gz: preprocessed shape=(1, 1, 317, 241, 393)
word_0058.nii.gz: inference completed in 41.1 seconds
word_0058.nii.gz: inference and metrics completed in 84.2 seconds
word_0059.nii.gz: preprocessed shape=(1, 1, 316, 243, 413)
word_0059.nii.gz: inference completed in 44.0 seconds
word_0059.nii.gz: inference and metrics completed in 100.2 seconds
word_0061.nii.gz: preprocessed shape=(1, 1, 305, 247, 449)
word_0061.nii.gz: inference completed in 42.8 seconds
word_0061.nii.gz: inference and metrics completed in 100.4 seconds
word_0062.nii.gz: preprocessed shape=(1, 1, 306, 223, 445)
word_0062.nii.gz: inference completed in 37.4 seconds
word_0062.nii.gz: inference and metrics completed in 97.3 seconds
word_0063.nii.gz: preprocessed shape=(1, 1, 311, 246, 333)
word_0063.nii.gz: inference completed in 29.4 seconds
word_0063.nii.gz: inference and metrics completed in 67.8 seconds
word_0064.nii.gz: preprocessed shape=(1, 1, 310, 279, 371)
word_0064.nii.gz: inference completed in 40.0 seconds
word_0064.nii.gz: inference and metrics completed in 98.8 seconds
word_0065.nii.gz: preprocessed shape=(1, 1, 315, 243, 399)
word_0065.nii.gz: inference completed in 41.3 seconds
word_0065.nii.gz: inference and metrics completed in 110.8 seconds
word_0067.nii.gz: preprocessed shape=(1, 1, 307, 253, 421)
word_0067.nii.gz: inference completed in 40.4 seconds
word_0067.nii.gz: inference and metrics completed in 93.5 seconds
word_0068.nii.gz: preprocessed shape=(1, 1, 316, 249, 393)
word_0068.nii.gz: inference completed in 41.1 seconds
word_0068.nii.gz: inference and metrics completed in 87.0 seconds
word_0070.nii.gz: preprocessed shape=(1, 1, 306, 252, 361)
word_0070.nii.gz: inference completed in 34.8 seconds
word_0070.nii.gz: inference and metrics completed in 79.1 seconds
word_0071.nii.gz: preprocessed shape=(1, 1, 300, 225, 403)
word_0071.nii.gz: inference completed in 32.8 seconds
word_0071.nii.gz: inference and metrics completed in 82.0 seconds
word_0072.nii.gz: preprocessed shape=(1, 1, 285, 232, 685)
word_0072.nii.gz: inference completed in 56.0 seconds
word_0072.nii.gz: inference and metrics completed in 188.0 seconds
word_0073.nii.gz: preprocessed shape=(1, 1, 307, 263, 431)
word_0073.nii.gz: inference completed in 40.4 seconds
word_0073.nii.gz: inference and metrics completed in 97.7 seconds
word_0078.nii.gz: preprocessed shape=(1, 1, 317, 254, 365)
word_0078.nii.gz: inference completed in 38.5 seconds
word_0078.nii.gz: inference and metrics completed in 80.3 seconds
word_0079.nii.gz: preprocessed shape=(1, 1, 311, 255, 341)
word_0079.nii.gz: inference completed in 32.1 seconds
word_0079.nii.gz: inference and metrics completed in 70.8 seconds
word_0081.nii.gz: preprocessed shape=(1, 1, 316, 231, 427)
word_0081.nii.gz: inference completed in 38.6 seconds
word_0081.nii.gz: inference and metrics completed in 88.7 seconds
word_0082.nii.gz: preprocessed shape=(1, 1, 312, 238, 437)
word_0082.nii.gz: inference completed in 38.0 seconds
word_0082.nii.gz: inference and metrics completed in 93.5 seconds
word_0084.nii.gz: preprocessed shape=(1, 1, 308, 255, 419)
word_0084.nii.gz: inference completed in 40.1 seconds
word_0084.nii.gz: inference and metrics completed in 94.7 seconds
word_0086.nii.gz: preprocessed shape=(1, 1, 276, 214, 371)
word_0086.nii.gz: inference completed in 24.2 seconds
word_0086.nii.gz: inference and metrics completed in 65.1 seconds
word_0087.nii.gz: preprocessed shape=(1, 1, 319, 269, 403)
word_0087.nii.gz: inference completed in 46.3 seconds
word_0087.nii.gz: inference and metrics completed in 95.5 seconds
word_0089.nii.gz: preprocessed shape=(1, 1, 310, 281, 343)
word_0089.nii.gz: inference completed in 36.1 seconds
word_0089.nii.gz: inference and metrics completed in 79.3 seconds
word_0090.nii.gz: preprocessed shape=(1, 1, 320, 215, 353)
word_0090.nii.gz: inference completed in 27.5 seconds
word_0090.nii.gz: inference and metrics completed in 64.4 seconds
word_0091.nii.gz: preprocessed shape=(1, 1, 322, 243, 333)
word_0091.nii.gz: inference completed in 32.3 seconds
word_0091.nii.gz: inference and metrics completed in 70.5 seconds
word_0093.nii.gz: preprocessed shape=(1, 1, 302, 215, 359)
word_0093.nii.gz: inference completed in 24.2 seconds
word_0093.nii.gz: inference and metrics completed in 64.3 seconds
word_0094.nii.gz: preprocessed shape=(1, 1, 311, 222, 345)
word_0094.nii.gz: inference completed in 28.1 seconds
word_0094.nii.gz: inference and metrics completed in 66.4 seconds
word_0095.nii.gz: preprocessed shape=(1, 1, 319, 227, 317)
word_0095.nii.gz: inference completed in 28.3 seconds
word_0095.nii.gz: inference and metrics completed in 67.0 seconds
word_0096.nii.gz: preprocessed shape=(1, 1, 303, 229, 461)
word_0096.nii.gz: inference completed in 39.8 seconds
word_0096.nii.gz: inference and metrics completed in 99.7 seconds
word_0100.nii.gz: preprocessed shape=(1, 1, 317, 259, 333)
word_0100.nii.gz: inference completed in 32.6 seconds
word_0100.nii.gz: inference and metrics completed in 71.3 seconds
word_0101.nii.gz: preprocessed shape=(1, 1, 318, 268, 333)
word_0101.nii.gz: inference completed in 36.3 seconds
word_0101.nii.gz: inference and metrics completed in 77.3 seconds
word_0102.nii.gz: preprocessed shape=(1, 1, 302, 225, 441)
word_0102.nii.gz: inference completed in 37.4 seconds
word_0102.nii.gz: inference and metrics completed in 94.9 seconds
word_0104.nii.gz: preprocessed shape=(1, 1, 312, 212, 385)
word_0104.nii.gz: inference completed in 28.2 seconds
word_0104.nii.gz: inference and metrics completed in 73.7 seconds
word_0105.nii.gz: preprocessed shape=(1, 1, 313, 251, 427)
word_0105.nii.gz: inference completed in 44.1 seconds
word_0105.nii.gz: inference and metrics completed in 97.2 seconds
word_0106.nii.gz: preprocessed shape=(1, 1, 323, 224, 417)
word_0106.nii.gz: inference completed in 39.3 seconds
word_0106.nii.gz: inference and metrics completed in 89.7 seconds
word_0107.nii.gz: preprocessed shape=(1, 1, 313, 238, 359)
word_0107.nii.gz: inference completed in 30.9 seconds
word_0107.nii.gz: inference and metrics completed in 70.8 seconds
word_0108.nii.gz: preprocessed shape=(1, 1, 318, 222, 349)
word_0108.nii.gz: inference completed in 30.9 seconds
word_0108.nii.gz: inference and metrics completed in 71.8 seconds
word_0109.nii.gz: preprocessed shape=(1, 1, 315, 231, 335)
word_0109.nii.gz: inference completed in 29.4 seconds
word_0109.nii.gz: inference and metrics completed in 68.9 seconds
word_0111.nii.gz: preprocessed shape=(1, 1, 313, 224, 445)
word_0111.nii.gz: inference completed in 41.2 seconds
word_0111.nii.gz: inference and metrics completed in 100.5 seconds
word_0113.nii.gz: preprocessed shape=(1, 1, 305, 216, 433)
word_0113.nii.gz: inference completed in 32.3 seconds
word_0113.nii.gz: inference and metrics completed in 113.8 seconds
word_0114.nii.gz: preprocessed shape=(1, 1, 302, 218, 399)
word_0114.nii.gz: inference completed in 33.7 seconds
word_0114.nii.gz: inference and metrics completed in 88.4 seconds
word_0115.nii.gz: preprocessed shape=(1, 1, 318, 227, 409)
word_0115.nii.gz: inference completed in 38.5 seconds
word_0115.nii.gz: inference and metrics completed in 90.0 seconds
word_0116.nii.gz: preprocessed shape=(1, 1, 302, 205, 317)
word_0116.nii.gz: inference completed in 22.1 seconds
word_0116.nii.gz: inference and metrics completed in 56.3 seconds
word_0117.nii.gz: preprocessed shape=(1, 1, 315, 237, 401)
word_0117.nii.gz: inference completed in 37.0 seconds
word_0117.nii.gz: inference and metrics completed in 87.0 seconds
word_0118.nii.gz: preprocessed shape=(1, 1, 314, 238, 433)
word_0118.nii.gz: inference completed in 41.6 seconds
word_0118.nii.gz: inference and metrics completed in 97.8 seconds
word_0119.nii.gz: preprocessed shape=(1, 1, 309, 248, 343)
word_0119.nii.gz: inference completed in 32.1 seconds
word_0119.nii.gz: inference and metrics completed in 72.2 seconds
word_0121.nii.gz: preprocessed shape=(1, 1, 322, 237, 407)
word_0121.nii.gz: inference completed in 36.1 seconds
word_0121.nii.gz: inference and metrics completed in 86.8 seconds
word_0122.nii.gz: preprocessed shape=(1, 1, 312, 264, 403)
word_0122.nii.gz: inference completed in 37.7 seconds
word_0122.nii.gz: inference and metrics completed in 87.1 seconds
word_0123.nii.gz: preprocessed shape=(1, 1, 316, 253, 433)
word_0123.nii.gz: inference completed in 47.1 seconds
word_0123.nii.gz: inference and metrics completed in 102.3 seconds
word_0125.nii.gz: preprocessed shape=(1, 1, 317, 218, 353)
word_0125.nii.gz: inference completed in 31.2 seconds
word_0125.nii.gz: inference and metrics completed in 71.0 seconds
word_0126.nii.gz: preprocessed shape=(1, 1, 276, 214, 373)
word_0126.nii.gz: inference completed in 23.5 seconds
word_0126.nii.gz: inference and metrics completed in 81.2 seconds
word_0127.nii.gz: preprocessed shape=(1, 1, 292, 214, 411)
word_0127.nii.gz: inference completed in 30.3 seconds
word_0127.nii.gz: inference and metrics completed in 82.8 seconds
word_0128.nii.gz: preprocessed shape=(1, 1, 318, 250, 471)
word_0128.nii.gz: inference completed in 49.9 seconds
word_0128.nii.gz: inference and metrics completed in 122.5 seconds
word_0130.nii.gz: preprocessed shape=(1, 1, 313, 230, 317)
word_0130.nii.gz: inference completed in 28.4 seconds
word_0130.nii.gz: inference and metrics completed in 63.0 seconds
word_0132.nii.gz: preprocessed shape=(1, 1, 303, 244, 335)
word_0132.nii.gz: inference completed in 29.6 seconds
word_0132.nii.gz: inference and metrics completed in 68.7 seconds
word_0133.nii.gz: preprocessed shape=(1, 1, 321, 219, 451)
word_0133.nii.gz: inference completed in 41.2 seconds
word_0133.nii.gz: inference and metrics completed in 103.8 seconds
word_0134.nii.gz: preprocessed shape=(1, 1, 316, 257, 409)
word_0134.nii.gz: inference completed in 44.2 seconds
word_0134.nii.gz: inference and metrics completed in 98.3 seconds
word_0135.nii.gz: preprocessed shape=(1, 1, 313, 248, 459)
word_0135.nii.gz: inference completed in 50.1 seconds
word_0135.nii.gz: inference and metrics completed in 108.6 seconds
word_0136.nii.gz: preprocessed shape=(1, 1, 298, 238, 435)
word_0136.nii.gz: inference completed in 38.4 seconds
word_0136.nii.gz: inference and metrics completed in 100.9 seconds
word_0138.nii.gz: preprocessed shape=(1, 1, 304, 240, 445)
word_0138.nii.gz: inference completed in 37.5 seconds
word_0138.nii.gz: inference and metrics completed in 96.6 seconds
word_0140.nii.gz: preprocessed shape=(1, 1, 320, 223, 445)
word_0140.nii.gz: inference completed in 41.1 seconds
word_0140.nii.gz: inference and metrics completed in 95.5 seconds
word_0142.nii.gz: preprocessed shape=(1, 1, 307, 259, 399)
word_0142.nii.gz: inference completed in 37.5 seconds
word_0142.nii.gz: inference and metrics completed in 89.3 seconds
word_0143.nii.gz: preprocessed shape=(1, 1, 306, 251, 361)
word_0143.nii.gz: inference completed in 34.8 seconds
word_0143.nii.gz: inference and metrics completed in 90.4 seconds
word_0144.nii.gz: preprocessed shape=(1, 1, 306, 232, 473)
word_0144.nii.gz: inference completed in 39.8 seconds
word_0144.nii.gz: inference and metrics completed in 106.4 seconds
word_0145.nii.gz: preprocessed shape=(1, 1, 281, 254, 451)
word_0145.nii.gz: inference completed in 39.3 seconds
word_0145.nii.gz: inference and metrics completed in 99.4 seconds
word_0146.nii.gz: preprocessed shape=(1, 1, 302, 216, 321)
word_0146.nii.gz: inference completed in 22.2 seconds
word_0146.nii.gz: inference and metrics completed in 58.1 seconds
word_0147.nii.gz: preprocessed shape=(1, 1, 319, 247, 333)
word_0147.nii.gz: inference completed in 32.3 seconds
word_0147.nii.gz: inference and metrics completed in 78.0 seconds
word_0148.nii.gz: preprocessed shape=(1, 1, 307, 247, 483)
word_0148.nii.gz: inference completed in 48.1 seconds
word_0148.nii.gz: inference and metrics completed in 121.3 seconds
word_0150.nii.gz: preprocessed shape=(1, 1, 321, 264, 459)
word_0150.nii.gz: inference completed in 50.2 seconds
word_0150.nii.gz: inference and metrics completed in 116.3 seconds
{
  "backbone": "segresnet",
  "checkpoint": "/tmp/s2347484/slurm-3509919/supervised_suprem_segresnet_2100.pth",
  "cases": 100,
  "nsd_tolerance_mm": 1.0,
  "macro_case_dsc": 0.831015661565319,
  "macro_case_nsd": 0.7006803945207943,
  "micro_dsc": 0.8891413539409337,
  "tp": 147286452,
  "fp": 16452442,
  "fn": 20275074
}
Evaluation complete. Results: /home/s2347484/Seg/SuPreM/results/word_segresnet
